[    4001ms] [LOG] 农历更新: {lunarYear: 2026, lunarMonth: 2, lunarDay: 16, isLeap: false, ganZhi: 丙午} @ http://localhost:8765/js/lunar.js:235
[    4042ms] [LOG] 正在初始化应用... @ http://localhost:8765/js/main.js:76
[    4042ms] [LOG] 键盘快捷键设置完成 @ http://localhost:8765/js/main.js:81
[    4126ms] [ERROR] 设置管理器初始化失败: TypeError: Cannot read properties of undefined (reading 'addListener')
    at SettingsManager.setupSettingsUI (http://localhost:8765/js/settings.js:83:34)
    at SettingsManager.init (http://localhost:8765/js/settings.js:41:14)
    at async HTMLDocument.initApp (http://localhost:8765/js/main.js:89:9) @ http://localhost:8765/js/main.js:91
[    4143ms] [LOG] 国际化模块初始化完成 @ http://localhost:8765/js/main.js:96
[    4144ms] [LOG] 时钟模块初始化完成 @ http://localhost:8765/js/main.js:103
[    4148ms] [LOG] 节假日模块初始化完成 @ http://localhost:8765/js/main.js:110
[    5332ms] [ERROR] Failed to load resource: the server responded with a status of 404 (File not found) @ http://localhost:8765/favicon.ico:0
[   10155ms] [WARNING] Geolocation error: {code: 3, message: Timeout expired} @ http://localhost:8765/js/weather.js:168
[   10164ms] [WARNING] Location error: Error: 获取位置请求超时。
    at http://localhost:8765/js/weather.js:188:28 @ http://localhost:8765/js/weather.js:394
[   10166ms] [WARNING] 无法获取位置，且未设置手动城市，隐藏天气区域 @ http://localhost:8765/js/weather.js:400
[   10166ms] [LOG] 天气模块初始化完成 @ http://localhost:8765/js/main.js:117
[   10246ms] [LOG] SidebarHub 初始化完成 @ http://localhost:8765/js/main.js:125
[   10247ms] [LOG] 开始初始化备忘录管理器... @ http://localhost:8765/js/memo.js:115
[   10254ms] [LOG] 备忘录模块初始化完成 @ http://localhost:8765/js/main.js:137
[   10263ms] [LOG] 知识墙模块初始化完成 @ http://localhost:8765/js/main.js:151
[   10263ms] [LOG] 滚动信息栏初始化完成 @ http://localhost:8765/js/main.js:165
[   10263ms] [LOG] 任务提醒条初始化完成 @ http://localhost:8765/js/main.js:180
[   10263ms] [LOG] 音乐控制器初始化完成 @ http://localhost:8765/js/main.js:195
[   10291ms] [LOG] 哔哩哔哩控制器初始化完成 @ http://localhost:8765/js/main.js:215
[   10291ms] [LOG] 系统监控已禁用（性能设置） @ http://localhost:8765/js/main.js:233
[   10291ms] [LOG] 温情提示初始化完成 @ http://localhost:8765/js/main.js:241
[   10291ms] [LOG] 应用初始化完成（可能部分模块降级） @ http://localhost:8765/js/main.js:249
[   10292ms] [LOG] 从 settings 加载备忘录（旧版本兼容） @ http://localhost:8765/js/memo.js:8856
[   10304ms] [LOG] 备忘录加载成功，数量: 0 @ http://localhost:8765/js/memo.js:8878
[   10317ms] [LOG] [Ticker] 自动刷新已启动，间隔 20 分钟 @ http://localhost:8765/js/ticker.js:168
[   10354ms] [LOG] 备忘录数据加载完成，开始创建UI @ http://localhost:8765/js/memo.js:124
[   10354ms] [LOG] 备忘录数量: 0 @ http://localhost:8765/js/memo.js:125
[   10354ms] [LOG] 分类数量: 0 @ http://localhost:8765/js/memo.js:126
[   10355ms] [LOG] 标签数量: 0 @ http://localhost:8765/js/memo.js:127
[   10380ms] [LOG] 每日重复任务状态更新完成 @ http://localhost:8765/js/memo.js:135
[   10402ms] [LOG] 侧边栏内容渲染完成 @ http://localhost:8765/js/memo.js:143
[   10414ms] [LOG] 初始化键盘快捷键... @ http://localhost:8765/js/memo.js:11460
[   10414ms] [LOG] 键盘快捷键初始化完成 @ http://localhost:8765/js/memo.js:11473
[   10414ms] [LOG] 键盘快捷键初始化完成 @ http://localhost:8765/js/memo.js:166
[   10414ms] [LOG] 排序选项名称更新完成 @ http://localhost:8765/js/memo.js:174
[   10415ms] [LOG] 备忘录管理器初始化完成 @ http://localhost:8765/js/memo.js:179
[   10415ms] [LOG] [TaskTicker] memoManager 就绪，刷新数据 @ http://localhost:8765/js/ticker.js:1556
[   10423ms] [LOG] [TaskTicker] 暂无数据，第 1 次重试（1.5s 后） @ http://localhost:8765/js/ticker.js:1582
[   11251ms] [ERROR] 未处理的 Promise 错误: TypeError: Cannot read properties of undefined (reading 'addListener')
    at MusicController._listenMessages (http://localhost:8765/js/music-controller.js:645:34)
    at MusicController.init (http://localhost:8765/js/music-controller.js:62:14) @ http://localhost:8765/js/memo.js:215
[   11924ms] [LOG] [TaskTicker] 暂无数据，第 2 次重试（2.3s 后） @ http://localhost:8765/js/ticker.js:1582
[   12161ms] [ERROR] Access to fetch at 'https://www.reddit.com/r/programming/hot.json?limit=8&raw_json=1' from origin 'http://localhost:8765' has been blocked by CORS policy: No 'Access-Control-Allow-Origin' header is present on the requested resource. @ http://localhost:8765/index.html:0
[   12163ms] [ERROR] Failed to load resource: net::ERR_FAILED @ https://www.reddit.com/r/programming/hot.json?limit=8&raw_json=1:0
[   12164ms] [WARNING] [Ticker] reddit 失败: TypeError: Failed to fetch
    at TechTicker.fetchReddit (http://localhost:8765/js/ticker.js:501:28)
    at reddit (http://localhost:8765/js/ticker.js:391:32)
    at http://localhost:8765/js/ticker.js:429:25
    at Array.map (<anonymous>)
    at TechTicker.fetchAllData (http://localhost:8765/js/ticker.js:427:34)
    at TechTicker.loadData (http://localhost:8765/js/ticker.js:333:24) @ http://localhost:8765/js/ticker.js:428
[   12268ms] [LOG] [TaskTicker] 暂无数据，第 3 次重试（3.4s 后） @ http://localhost:8765/js/ticker.js:1582
[   14185ms] [LOG] [TaskTicker] 暂无数据，第 4 次重试（5.1s 后） @ http://localhost:8765/js/ticker.js:1582
[   16713ms] [LOG] [TaskTicker] 暂无数据，第 5 次重试（7.6s 后） @ http://localhost:8765/js/ticker.js:1582
